=== START 2026/05/08 11:36:32.65 === 
 
=== [1] flutter --version === 
Flutter 3.41.9 • channel stable • https://github.com/flutter/flutter.git
Framework • revision 00b0c91f06 (8 days ago) • 2026-04-29 10:03:19 -0700
Engine • hash 9161402dc0e134b3fb5adee5046b6e84b1a5e1c1 (revision 42d3d75a56) (9 days ago) • 2026-04-28 17:31:55.000Z
Tools • Dart 3.11.5 • DevTools 2.54.2
 
=== [2] flutter analyze --no-pub === 
Analyzing app_flutter...                                        

   info - Missing a required trailing comma - lib\core\analytics\analytics_helper.dart:121:8 - require_trailing_commas
   info - Missing a required trailing comma - lib\core\analytics\analytics_helper.dart:126:27 - require_trailing_commas
   info - Missing a required trailing comma - lib\core\analytics\analytics_helper.dart:150:6 - require_trailing_commas
   info - Missing a required trailing comma - lib\core\analytics\analytics_helper.dart:164:6 - require_trailing_commas
   info - Missing a required trailing comma - lib\core\analytics\analytics_helper.dart:171:6 - require_trailing_commas
   info - Missing a required trailing comma - lib\core\analytics\analytics_helper.dart:177:6 - require_trailing_commas
   info - Missing a required trailing comma - lib\core\analytics\analytics_helper.dart:183:6 - require_trailing_commas
   info - Missing a required trailing comma - lib\core\analytics\analytics_helper.dart:189:6 - require_trailing_commas
   info - Use 'const' for final variables initialized to a constant value - lib\dev\sim_runner.dart:131:5 - prefer_const_declarations
   info - Use 'const' for final variables initialized to a constant value - lib\dev\sim_runner.dart:132:5 - prefer_const_declarations
   info - Don't invoke 'print' in production code - lib\dev\sim_runner.dart:388:5 - avoid_print
   info - Don't invoke 'print' in production code - lib\dev\sim_runner.dart:398:3 - avoid_print
   info - Don't invoke 'print' in production code - lib\dev\sim_runner.dart:407:3 - avoid_print
   info - Don't invoke 'print' in production code - lib\dev\sim_runner.dart:414:3 - avoid_print
   info - Don't invoke 'print' in production code - lib\dev\sim_runner.dart:423:3 - avoid_print
   info - Don't invoke 'print' in production code - lib\dev\sim_runner.dart:427:3 - avoid_print
   info - Unnecessary braces in a string interpolation - lib\dev\sim_runner.dart:430:9 - unnecessary_brace_in_string_interps
   info - Missing a required trailing comma - lib\domain\engines\economy_engine.dart:245:73 - require_trailing_commas
   info - Missing a required trailing comma - lib\domain\engines\event_resolver.dart:97:91 - require_trailing_commas
   info - Use a function declaration rather than a variable assignment to bind a function to a name - lib\domain\engines\game_engine.dart:191:11 - prefer_function_declarations_over_variables
   info - Missing a required trailing comma - lib\domain\engines\game_engine.dart:427:67 - require_trailing_commas
   info - Missing a required trailing comma - lib\domain\models\character.dart:375:66 - require_trailing_commas
   info - Missing a required trailing comma - lib\domain\models\character.dart:378:76 - require_trailing_commas
   info - Missing a required trailing comma - lib\domain\models\family.dart:106:78 - require_trailing_commas
   info - Missing a required trailing comma - lib\domain\models\game_save_data.dart:77:63 - require_trailing_commas
   info - Missing a required trailing comma - lib\domain\models\game_save_data.dart:79:69 - require_trailing_commas
   info - Missing a required trailing comma - lib\domain\models\game_save_data.dart:81:65 - require_trailing_commas
   info - Missing a required trailing comma - lib\domain\models\game_save_data.dart:83:67 - require_trailing_commas
   info - Missing a required trailing comma - lib\domain\models\game_save_data.dart:121:79 - require_trailing_commas
   info - Missing a required trailing comma - lib\domain\models\settings_data.dart:127:64 - require_trailing_commas
   info - Missing a required trailing comma - lib\domain\models\settings_data.dart:129:66 - require_trailing_commas
   info - Missing a required trailing comma - lib\domain\models\settings_data.dart:131:72 - require_trailing_commas
   info - Missing a required trailing comma - lib\domain\models\settings_data.dart:133:66 - require_trailing_commas
   info - Missing a required trailing comma - lib\domain\services\achievement_evaluator.dart:215:65 - require_trailing_commas
warning - The value of the local variable 'hiddenIds' isn't used - lib\domain\services\achievement_evaluator.dart:455:13 - unused_local_variable
   info - Missing a required trailing comma - lib\domain\services\effect_parser.dart:76:102 - require_trailing_commas
   info - Missing a required trailing comma - lib\presentation\providers\game_providers.dart:84:67 - require_trailing_commas
   info - Missing a required trailing comma - lib\presentation\providers\game_providers.dart:88:61 - require_trailing_commas
   info - Missing a required trailing comma - lib\presentation\providers\game_providers.dart:92:61 - require_trailing_commas
   info - Missing a required trailing comma - lib\presentation\providers\game_providers.dart:96:66 - require_trailing_commas
   info - Missing a required trailing comma - lib\presentation\screens\character_create_screen.dart:197:22 - require_trailing_commas
   info - Missing a required trailing comma - lib\presentation\screens\character_create_screen.dart:207:22 - require_trailing_commas
   info - Missing a required trailing comma - lib\presentation\screens\character_create_screen.dart:286:61 - require_trailing_commas
   info - Missing a required trailing comma - lib\presentation\screens\character_create_screen.dart:288:61 - require_trailing_commas
   info - Missing a required trailing comma - lib\presentation\screens\character_create_screen.dart:290:61 - require_trailing_commas
   info - Missing a required trailing comma - lib\presentation\screens\character_create_screen.dart:294:90 - require_trailing_commas
   info - Missing a required trailing comma - lib\presentation\screens\character_create_screen.dart:303:86 - require_trailing_commas
   info - Missing a required trailing comma - lib\presentation\screens\character_create_screen.dart:316:89 - require_trailing_commas
   info - Missing a required trailing comma - lib\presentation\screens\character_create_screen.dart:345:18 - require_trailing_commas
   info - Missing a required trailing comma - lib\presentation\screens\character_create_screen.dart:497:20 - require_trailing_commas
   info - Missing a required trailing comma - lib\presentation\screens\character_create_screen.dart:501:64 - require_trailing_commas
   info - Missing a required trailing comma - lib\presentation\screens\character_create_screen.dart:501:65 - require_trailing_commas
   info - Missing a required trailing comma - lib\presentation\screens\character_create_screen.dart:555:18 - require_trailing_commas
   info - Missing a required trailing comma - lib\presentation\screens\character_create_screen.dart:561:79 - require_trailing_commas
   info - Missing a required trailing comma - lib\presentation\widgets\action_panel.dart:79:8 - require_trailing_commas
   info - Missing a required trailing comma - lib\presentation\widgets\action_panel.dart:87:8 - require_trailing_commas
   info - Missing a required trailing comma - lib\presentation\widgets\action_panel.dart:95:8 - require_trailing_commas
   info - Missing a required trailing comma - lib\presentation\widgets\avatar_picker.dart:169:55 - require_trailing_commas
   info - Missing a required trailing comma - lib\presentation\widgets\avatar_preview.dart:155:56 - require_trailing_commas
   info - Missing a required trailing comma - lib\presentation\widgets\avatar_preview.dart:157:56 - require_trailing_commas
   info - Missing a required trailing comma - lib\presentation\widgets\avatar_preview.dart:178:79 - require_trailing_commas
   info - Missing a required trailing comma - lib\presentation\widgets\avatar_preview.dart:183:79 - require_trailing_commas
   info - Missing a required trailing comma - lib\presentation\widgets\consent_dialog.dart:157:22 - require_trailing_commas
   info - Missing a required trailing comma - lib\presentation\widgets\consent_dialog.dart:163:22 - require_trailing_commas
warning - Unused import: 'dart:typed_data' - lib\presentation\widgets\grave_share_widget.dart:9:8 - unused_import
   info - The import of 'package:flutter/services.dart' is unnecessary because all of the used elements are also provided by the import of 'package:flutter/material.dart' - lib\presentation\widgets\grave_share_widget.dart:14:8 - unnecessary_import
  error - The getter 'bgBase' isn't defined for the type 'AppPalette' - lib\presentation\widgets\grave_share_widget.dart:169:27 - undefined_getter
   info - Missing a required trailing comma - lib\presentation\widgets\grave_share_widget.dart:251:20 - require_trailing_commas
   info - Missing a required trailing comma - lib\presentation\widgets\hud_widget.dart:155:76 - require_trailing_commas
   info - Missing a required trailing comma - lib\presentation\widgets\hud_widget.dart:159:86 - require_trailing_commas
   info - Missing a required trailing comma - lib\presentation\widgets\hud_widget.dart:159:87 - require_trailing_commas
   info - Missing a required trailing comma - lib\presentation\widgets\hud_widget.dart:188:75 - require_trailing_commas
   info - Missing a required trailing comma - lib\presentation\widgets\hud_widget.dart:194:43 - require_trailing_commas
   info - Missing a required trailing comma - lib\presentation\widgets\hud_widget.dart:194:44 - require_trailing_commas
   info - Missing a required trailing comma - test\achievement_evaluator_test.dart:81:46 - require_trailing_commas
   info - Missing a required trailing comma - test\achievement_evaluator_test.dart:92:46 - require_trailing_commas
   info - Missing a required trailing comma - test\achievement_evaluator_test.dart:103:49 - require_trailing_commas
   info - Missing a required trailing comma - test\achievement_evaluator_test.dart:114:38 - require_trailing_commas
   info - Missing a required trailing comma - test\achievement_evaluator_test.dart:122:46 - require_trailing_commas
   info - Missing a required trailing comma - test\achievement_evaluator_test.dart:125:74 - require_trailing_commas
   info - Missing a required trailing comma - test\achievement_evaluator_test.dart:127:18 - require_trailing_commas
   info - Missing a required trailing comma - test\achievement_evaluator_test.dart:129:20 - require_trailing_commas
   info - Use 'const' with the constructor to improve performance - test\achievement_evaluator_test.dart:134:9 - prefer_const_constructors
   info - Missing a required trailing comma - test\achievement_evaluator_test.dart:148:20 - require_trailing_commas
   info - Missing a required trailing comma - test\achievement_evaluator_test.dart:150:18 - require_trailing_commas
   info - Missing a required trailing comma - test\economy_engine_test.dart:69:73 - require_trailing_commas
   info - Missing a required trailing comma - test\effect_parser_test.dart:88:55 - require_trailing_commas
   info - Use 'const' with the constructor to improve performance - test\event_resolver_test.dart:98:17 - prefer_const_constructors
   info - Missing a required trailing comma - test\game_engine_test.dart:69:62 - require_trailing_commas
   info - Use 'const' with the constructor to improve performance - test\game_engine_test.dart:76:17 - prefer_const_constructors
   info - Missing a required trailing comma - test\integration\full_game_test.dart:48:44 - require_trailing_commas
   info - Use 'const' with the constructor to improve performance - test\integration\save_persistence_test.dart:49:24 - prefer_const_constructors
   info - Use 'const' with the constructor to improve performance - test\integration\save_persistence_test.dart:51:20 - prefer_const_constructors
   info - Use 'const' with the constructor to improve performance - test\integration\save_persistence_test.dart:87:24 - prefer_const_constructors
   info - Use 'const' with the constructor to improve performance - test\integration\save_persistence_test.dart:89:20 - prefer_const_constructors
   info - Statements in an if should be enclosed in a block - test\parent_roller_test.dart:22:24 - curly_braces_in_flow_control_structures
   info - Statements in an if should be enclosed in a block - test\parent_roller_test.dart:23:31 - curly_braces_in_flow_control_structures
   info - Statements in an if should be enclosed in a block - test\parent_roller_test.dart:24:30 - curly_braces_in_flow_control_structures
   info - Statements in an if should be enclosed in a block - test\parent_roller_test.dart:25:14 - curly_braces_in_flow_control_structures
   info - Missing a required trailing comma - test\parent_roller_test.dart:54:44 - require_trailing_commas
   info - Missing a required trailing comma - test\parent_roller_test.dart:67:39 - require_trailing_commas
   info - Use 'const' with the constructor to improve performance - test\save_repository_test.dart:19:24 - prefer_const_constructors
   info - Use 'const' with the constructor to improve performance - test\save_repository_test.dart:21:20 - prefer_const_constructors
   info - Use 'const' with the constructor to improve performance - test\save_repository_test.dart:45:24 - prefer_const_constructors
   info - Use 'const' with the constructor to improve performance - test\save_repository_test.dart:47:20 - prefer_const_constructors
   info - Use 'const' with the constructor to improve performance - test\save_repository_test.dart:69:24 - prefer_const_constructors
   info - Use interpolation to compose strings and values - test\save_repository_test.dart:73:24 - prefer_interpolation_to_compose_strings

107 issues found. (ran in 20.4s)
 
=== [3] flutter test --no-pub --reporter=compact === 
00:00 +0: loading C:/Users/81903/Documents/Claude/Projects/資本主義ゲーム/app_flutter/test/achievement_evaluator_test.dart                                                                                    00:01 +0: loading C:/Users/81903/Documents/Claude/Projects/資本主義ゲーム/app_flutter/test/achievement_evaluator_test.dart                                                                                    00:01 +0: C:/Users/81903/Documents/Claude/Projects/資本主義ゲーム/app_flutter/test/achievement_evaluator_test.dart: AchievementEvaluator パターン解析 資産>=1000万円相当 → 1000万円で達成                                      00:02 +0: C:/Users/81903/Documents/Claude/Projects/資本主義ゲーム/app_flutter/test/achievement_evaluator_test.dart: AchievementEvaluator パターン解析 資産>=1000万円相当 → 1000万円で達成                                      00:02 +1: C:/Users/81903/Documents/Claude/Projects/資本主義ゲーム/app_flutter/test/achievement_evaluator_test.dart: AchievementEvaluator パターン解析 資産>=1000万円相当 → 1000万円で達成                                      00:02 +1: C:/Users/81903/Documents/Claude/Projects/資本主義ゲーム/app_flutter/test/achievement_evaluator_test.dart: AchievementEvaluator パターン解析 資産>=1億円相当 → 1億円で達成                                            00:02 +2: C:/Users/81903/Documents/Claude/Projects/資本主義ゲーム/app_flutter/test/achievement_evaluator_test.dart: AchievementEvaluator パターン解析 資産>=1億円相当 → 1億円で達成                                            00:02 +2: C:/Users/81903/Documents/Claude/Projects/資本主義ゲーム/app_flutter/test/achievement_evaluator_test.dart: AchievementEvaluator パターン解析 地位>=80                                                        00:02 +3: C:/Users/81903/Documents/Claude/Projects/資本主義ゲーム/app_flutter/test/achievement_evaluator_test.dart: AchievementEvaluator パターン解析 地位>=80                                                        00:02 +3: C:/Users/81903/Documents/Claude/Projects/資本主義ゲーム/app_flutter/test/achievement_evaluator_test.dart: AchievementEvaluator パターン解析 20歳到達                                                         00:02 +3 -1: C:/Users/81903/Documents/Claude/Projects/資本主義ゲーム/app_flutter/test/achievement_evaluator_test.dart: AchievementEvaluator パターン解析 20歳到達 [E]                                                  
  Expected: ['A-004']
    Actual: []
     Which: at location [0] is [] which shorter than expected
  
  package:matcher                                     expect
  package:flutter_test/src/widget_tester.dart 473:18  expect
  test\achievement_evaluator_test.dart 76:7           main.<fn>.<fn>
  

To run this test again: C:\flutter\bin\cache\dart-sdk\bin\dart.exe test C:/Users/81903/Documents/Claude/Projects/資本主義ゲーム/app_flutter/test/achievement_evaluator_test.dart -p vm --plain-name "AchievementEvaluator パターン解析 20歳到達"
00:02 +3 -1: C:/Users/81903/Documents/Claude/Projects/資本主義ゲーム/app_flutter/test/achievement_evaluator_test.dart: AchievementEvaluator パターン解析 マイルストーン「結婚」発火                                              00:02 +4 -1: C:/Users/81903/Documents/Claude/Projects/資本主義ゲーム/app_flutter/test/achievement_evaluator_test.dart: AchievementEvaluator パターン解析 マイルストーン「結婚」発火                                              00:02 +4 -1: C:/Users/81903/Documents/Claude/Projects/資本主義ゲーム/app_flutter/test/achievement_evaluator_test.dart: AchievementEvaluator パターン解析 出産マイルストーン3回以上                                              00:02 +5 -1: C:/Users/81903/Documents/Claude/Projects/資本主義ゲーム/app_flutter/test/achievement_evaluator_test.dart: AchievementEvaluator パターン解析 出産マイルストーン3回以上                                              00:02 +5 -1: C:/Users/81903/Documents/Claude/Projects/資本主義ゲーム/app_flutter/test/achievement_evaluator_test.dart: AchievementEvaluator パターン解析 L-005 イベント発火                                               00:02 +6 -1: C:/Users/81903/Documents/Claude/Projects/資本主義ゲーム/app_flutter/test/achievement_evaluator_test.dart: AchievementEvaluator パターン解析 L-005 イベント発火                                               00:02 +6 -1: C:/Users/81903/Documents/Claude/Projects/資本主義ゲーム/app_flutter/test/achievement_evaluator_test.dart: AchievementEvaluator パターン解析 既に解放済は重複解放されない                                             00:02 +7 -1: C:/Users/81903/Documents/Claude/Projects/資本主義ゲーム/app_flutter/test/achievement_evaluator_test.dart: AchievementEvaluator パターン解析 既に解放済は重複解放されない                                             00:02 +7 -1: C:/Users/81903/Documents/Claude/Projects/資本主義ゲーム/app_flutter/test/achievement_evaluator_test.dart: AchievementEvaluator パターン解析 死亡時、社会的地位>=80                                              00:02 +8 -1: C:/Users/81903/Documents/Claude/Projects/資本主義ゲーム/app_flutter/test/achievement_evaluator_test.dart: AchievementEvaluator パターン解析 死亡時、社会的地位>=80                                              00:02 +8 -1: C:/Users/81903/Documents/Claude/Projects/資本主義ゲーム/app_flutter/test/achievement_evaluator_test.dart: AchievementEvaluator パターン解析 周回5代達成（手動マッピング）                                            00:02 +9 -1: C:/Users/81903/Documents/Claude/Projects/資本主義ゲーム/app_flutter/test/achievement_evaluator_test.dart: AchievementEvaluator パターン解析 周回5代達成（手動マッピング）                                            00:02 +9 -1: C:/Users/81903/Documents/Claude/Projects/資本主義ゲーム/app_flutter/test/achievement_evaluator_test.dart: AchievementEvaluator パターン解析 解析不能な条件は unparsedConditions に入る                            00:02 +10 -1: C:/Users/81903/Documents/Claude/Projects/資本主義ゲーム/app_flutter/test/economy_engine_test.dart: EconomyEngine 就業中の月次収支は給与＞0                                                                  00:02 +11 -1: C:/Users/81903/Documents/Claude/Projects/資本主義ゲーム/app_flutter/test/economy_engine_test.dart: EconomyEngine 就業中の月次収支は給与＞0                                                                  00:02 +11 -1: C:/Users/81903/Documents/Claude/Projects/資本主義ゲーム/app_flutter/test/economy_engine_test.dart: EconomyEngine 60歳以降は年金収入が発生                                                                  00:02 +12 -1: C:/Users/81903/Documents/Claude/Projects/資本主義ゲーム/app_flutter/test/economy_engine_test.dart: EconomyEngine 60歳以降は年金収入が発生                                                                  00:02 +12 -1: C:/Users/81903/Documents/Claude/Projects/資本主義ゲーム/app_flutter/test/economy_engine_test.dart: EconomyEngine 近未来時代は基本所得が25歳以降に発生                                                            00:02 +13 -1: C:/Users/81903/Documents/Claude/Projects/資本主義ゲーム/app_flutter/test/economy_engine_test.dart: EconomyEngine 近未来時代は基本所得が25歳以降に発生                                                            00:02 +13 -1: C:/Users/81903/Documents/Claude/Projects/資本主義ゲーム/app_flutter/test/economy_engine_test.dart: EconomyEngine 結婚＋子供で支出が増える                                                                   00:02 +14 -1: C:/Users/81903/Documents/Claude/Projects/資本主義ゲーム/app_flutter/test/economy_engine_test.dart: EconomyEngine 結婚＋子供で支出が増える                                                                   00:02 +14 -1: C:/Users/81903/Documents/Claude/Projects/資本主義ゲーム/app_flutter/test/economy_engine_test.dart: EconomyEngine 住宅ローン月次返済額の式が正しい                                                               00:02 +15 -1: C:/Users/81903/Documents/Claude/Projects/資本主義ゲーム/app_flutter/test/economy_engine_test.dart: EconomyEngine 住宅ローン月次返済額の式が正しい                                                               00:02 +15 -1: C:/Users/81903/Documents/Claude/Projects/資本主義ゲーム/app_flutter/test/economy_engine_test.dart: EconomyEngine 暗号通貨は令和以降のみ発火可能                                                                00:02 +16 -1: C:/Users/81903/Documents/Claude/Projects/資本主義ゲーム/app_flutter/test/economy_engine_test.dart: EconomyEngine 暗号通貨は令和以降のみ発火可能                                                                00:02 +16 -1: loading C:/Users/81903/Documents/Claude/Projects/資本主義ゲーム/app_flutter/test/effect_parser_test.dart                                                                                        00:02 +16 -1: C:/Users/81903/Documents/Claude/Projects/資本主義ゲーム/app_flutter/test/effect_parser_test.dart: EffectParser.parse 資産変動の万単位パース                                                                00:02 +17 -1: C:/Users/81903/Documents/Claude/Projects/資本主義ゲーム/app_flutter/test/effect_parser_test.dart: EffectParser.parse 資産変動の万単位パース                                                                00:02 +17 -1: C:/Users/81903/Documents/Claude/Projects/資本主義ゲーム/app_flutter/test/effect_parser_test.dart: EffectParser.parse 資産変動の億単位パース                                                                00:02 +18 -1: C:/Users/81903/Documents/Claude/Projects/資本主義ゲーム/app_flutter/test/effect_parser_test.dart: EffectParser.parse 資産変動の億単位パース                                                                00:02 +18 -1: C:/Users/81903/Documents/Claude/Projects/資本主義ゲーム/app_flutter/test/effect_parser_test.dart: EffectParser.parse 健康度の表記正規化                                                                  00:02 +19 -1: C:/Users/81903/Documents/Claude/Projects/資本主義ゲーム/app_flutter/test/effect_parser_test.dart: EffectParser.parse 健康度の表記正規化                                                                  00:02 +19 -1: C:/Users/81903/Documents/Claude/Projects/資本主義ゲーム/app_flutter/test/effect_parser_test.dart: EffectParser.parse 幸福度の表記正規化                                                                  00:02 +20 -1: C:/Users/81903/Documents/Claude/Projects/資本主義ゲーム/app_flutter/test/effect_parser_test.dart: EffectParser.parse 幸福度の表記正規化                                                                  00:02 +20 -1: C:/Users/81903/Documents/Claude/Projects/資本主義ゲーム/app_flutter/test/effect_parser_test.dart: EffectParser.parse 社会的地位の表記正規化                                                                00:02 +21 -1: C:/Users/81903/Documents/Claude/Projects/資本主義ゲーム/app_flutter/test/effect_parser_test.dart: EffectParser.parse 社会的地位の表記正規化                                                                00:02 +21 -1: C:/Users/81903/Documents/Claude/Projects/資本主義ゲーム/app_flutter/test/effect_parser_test.dart: EffectParser.parse 複数効果のスラッシュ区切り                                                              00:02 +22 -1: C:/Users/81903/Documents/Claude/Projects/資本主義ゲーム/app_flutter/test/effect_parser_test.dart: EffectParser.parse 複数効果のスラッシュ区切り                                                              00:02 +22 -1: C:/Users/81903/Documents/Claude/Projects/資本主義ゲーム/app_flutter/test/effect_parser_test.dart: EffectParser.parse 複数効果の読点区切り                                                                 00:02 +23 -1: C:/Users/81903/Documents/Claude/Projects/資本主義ゲーム/app_flutter/test/effect_parser_test.dart: EffectParser.parse 複数効果の読点区切り                                                                 00:02 +23 -1: C:/Users/81903/Documents/Claude/Projects/資本主義ゲーム/app_flutter/test/effect_parser_test.dart: EffectParser.parse フラグ系のパース                                                                   00:02 +24 -1: C:/Users/81903/Documents/Claude/Projects/資本主義ゲーム/app_flutter/test/effect_parser_test.dart: EffectParser.parse フラグ系のパース                                                                   00:02 +24 -1: C:/Users/81903/Documents/Claude/Projects/資本主義ゲーム/app_flutter/test/effect_parser_test.dart: EffectParser.parse 結婚フラグ                                                                      00:02 +25 -1: C:/Users/81903/Documents/Claude/Projects/資本主義ゲーム/app_flutter/test/effect_parser_test.dart: EffectParser.parse 結婚フラグ                                                                      00:02 +25 -1: C:/Users/81903/Documents/Claude/Projects/資本主義ゲーム/app_flutter/test/effect_parser_test.dart: EffectParser.parse 運次第はluck_branchフラグ                                                         00:02 +26 -1: C:/Users/81903/Documents/Claude/Projects/資本主義ゲーム/app_flutter/test/effect_parser_test.dart: EffectParser.parse 運次第はluck_branchフラグ                                                         00:02 +26 -1: C:/Users/81903/Documents/Claude/Projects/資本主義ゲーム/app_flutter/test/effect_parser_test.dart: EffectParser.parse 空文字列は空結果                                                                   00:02 +27 -1: C:/Users/81903/Documents/Claude/Projects/資本主義ゲーム/app_flutter/test/effect_parser_test.dart: EffectParser.parse 空文字列は空結果                                                                   00:02 +27 -1: C:/Users/81903/Documents/Claude/Projects/資本主義ゲーム/app_flutter/test/effect_parser_test.dart: EffectParser.parse null は空結果                                                                  00:02 +28 -1: C:/Users/81903/Documents/Claude/Projects/資本主義ゲーム/app_flutter/test/effect_parser_test.dart: EffectParser.parse null は空結果                                                                  00:02 +28 -1: C:/Users/81903/Documents/Claude/Projects/資本主義ゲーム/app_flutter/test/effect_parser_test.dart: EffectParser.parse %変動はサポート外（warningsに入る）                                                     00:02 +29 -1: C:/Users/81903/Documents/Claude/Projects/資本主義ゲーム/app_flutter/test/effect_parser_test.dart: EffectParser.parse %変動はサポート外（warningsに入る）                                                     00:02 +29 -1: C:/Users/81903/Documents/Claude/Projects/資本主義ゲーム/app_flutter/test/effect_parser_test.dart: EffectParser.parse コミュ力は コミュ に正規化                                                             00:02 +30 -1: C:/Users/81903/Documents/Claude/Projects/資本主義ゲーム/app_flutter/test/effect_parser_test.dart: EffectParser.parse コミュ力は コミュ に正規化                                                             00:02 +30 -1: C:/Users/81903/Documents/Claude/Projects/資本主義ゲーム/app_flutter/test/effect_parser_test.dart: EffectParser.parse 全結果系を1文字列でパース                                                              00:02 +31 -1: C:/Users/81903/Documents/Claude/Projects/資本主義ゲーム/app_flutter/test/effect_parser_test.dart: EffectParser.parse 全結果系を1文字列でパース                                                              00:02 +31 -1: loading C:/Users/81903/Documents/Claude/Projects/資本主義ゲーム/app_flutter/test/event_resolver_test.dart                                                                                       00:02 +31 -1: C:/Users/81903/Documents/Claude/Projects/資本主義ゲーム/app_flutter/test/event_resolver_test.dart: TriggerRate.parse 「年5%」 → 月率 約0.00417                                                        00:02 +32 -1: C:/Users/81903/Documents/Claude/Projects/資本主義ゲーム/app_flutter/test/event_resolver_test.dart: TriggerRate.parse 「年5%」 → 月率 約0.00417                                                        00:02 +32 -1: C:/Users/81903/Documents/Claude/Projects/資本主義ゲーム/app_flutter/test/event_resolver_test.dart: TriggerRate.parse 「月3%」 → 月率 0.03                                                            00:02 +33 -1: C:/Users/81903/Documents/Claude/Projects/資本主義ゲーム/app_flutter/test/event_resolver_test.dart: TriggerRate.parse 「月3%」 → 月率 0.03                                                            00:02 +33 -1: C:/Users/81903/Documents/Claude/Projects/資本主義ゲーム/app_flutter/test/event_resolver_test.dart: TriggerRate.parse 「必発」 → kind=always                                                         00:02 +34 -1: C:/Users/81903/Documents/Claude/Projects/資本主義ゲーム/app_flutter/test/event_resolver_test.dart: TriggerRate.parse 「必発」 → kind=always                                                         00:02 +34 -1: C:/Users/81903/Documents/Claude/Projects/資本主義ゲーム/app_flutter/test/event_resolver_test.dart: TriggerRate.parse 「条件発動」 → kind=conditional                                                  00:02 +35 -1: C:/Users/81903/Documents/Claude/Projects/資本主義ゲーム/app_flutter/test/event_resolver_test.dart: TriggerRate.parse 「条件発動」 → kind=conditional                                                  00:02 +35 -1: C:/Users/81903/Documents/Claude/Projects/資本主義ゲーム/app_flutter/test/event_resolver_test.dart: TriggerCondition.parse 「30歳〜」 → minAge=30                                                    00:02 +36 -1: C:/Users/81903/Documents/Claude/Projects/資本主義ゲーム/app_flutter/test/event_resolver_test.dart: TriggerCondition.parse 「30歳〜」 → minAge=30                                                    00:02 +36 -1: C:/Users/81903/Documents/Claude/Projects/資本主義ゲーム/app_flutter/test/event_resolver_test.dart: TriggerCondition.parse 「20歳〜25歳」 → range                                                     00:02 +37 -1: C:/Users/81903/Documents/Claude/Projects/資本主義ゲーム/app_flutter/test/event_resolver_test.dart: TriggerCondition.parse 「20歳〜25歳」 → range                                                     00:02 +37 -1: C:/Users/81903/Documents/Claude/Projects/資本主義ゲーム/app_flutter/test/event_resolver_test.dart: TriggerCondition.parse matchesAge は範囲チェック                                                    00:02 +38 -1: C:/Users/81903/Documents/Claude/Projects/資本主義ゲーム/app_flutter/test/event_resolver_test.dart: TriggerCondition.parse matchesAge は範囲チェック                                                    00:02 +38 -1: C:/Users/81903/Documents/Claude/Projects/資本主義ゲーム/app_flutter/test/event_resolver_test.dart: EventResolver 時代外のイベントは候補から除外                                                                00:02 +39 -1: C:/Users/81903/Documents/Claude/Projects/資本主義ゲーム/app_flutter/test/event_resolver_test.dart: EventResolver 時代外のイベントは候補から除外                                                                00:02 +39 -1: C:/Users/81903/Documents/Claude/Projects/資本主義ゲーム/app_flutter/test/event_resolver_test.dart: EventResolver 年齢条件外は除外                                                                       00:02 +40 -1: C:/Users/81903/Documents/Claude/Projects/資本主義ゲーム/app_flutter/test/event_resolver_test.dart: EventResolver 年齢条件外は除外                                                                       00:02 +40 -1: C:/Users/81903/Documents/Claude/Projects/資本主義ゲーム/app_flutter/test/event_resolver_test.dart: EventResolver 必発イベントは確実に発火                                                                   00:02 +41 -1: C:/Users/81903/Documents/Claude/Projects/資本主義ゲーム/app_flutter/test/event_resolver_test.dart: EventResolver 必発イベントは確実に発火                                                                   00:02 +41 -1: C:/Users/81903/Documents/Claude/Projects/資本主義ゲーム/app_flutter/test/event_resolver_test.dart: EventResolver クールダウン後は再発火可能                                                                  00:02 +42 -1: C:/Users/81903/Documents/Claude/Projects/資本主義ゲーム/app_flutter/test/event_resolver_test.dart: EventResolver クールダウン後は再発火可能                                                                  00:02 +42 -1: C:/Users/81903/Documents/Claude/Projects/資本主義ゲーム/app_flutter/test/event_resolver_test.dart: EventResolver 連鎖イベントは自然発火しない                                                                 00:02 +43 -1: C:/Users/81903/Documents/Claude/Projects/資本主義ゲーム/app_flutter/test/event_resolver_test.dart: EventResolver 連鎖イベントは自然発火しない                                                                 00:03 +43 -1: C:/Users/81903/Documents/Claude/Projects/資本主義ゲーム/app_flutter/test/event_resolver_test.dart: EventResolver 連鎖イベントは自然発火しない                                                                 00:03 +43 -1: loading C:/Users/81903/Documents/Claude/Projects/資本主義ゲーム/app_flutter/test/game_engine_test.dart                                                                                          00:03 +43 -1: C:/Users/81903/Documents/Claude/Projects/資本主義ゲーム/app_flutter/test/game_engine_test.dart: GameEngine.expectedLifespan 令和・健康度50・ニュートラル・頭脳強み → 87歳                                          00:03 +44 -1: C:/Users/81903/Documents/Claude/Projects/資本主義ゲーム/app_flutter/test/game_engine_test.dart: GameEngine.expectedLifespan 令和・健康度50・ニュートラル・頭脳強み → 87歳                                          00:03 +44 -1: C:/Users/81903/Documents/Claude/Projects/資本主義ゲーム/app_flutter/test/game_engine_test.dart: GameEngine.expectedLifespan 健康度100 → +15歳補正で 102歳                                               00:03 +45 -1: C:/Users/81903/Documents/Claude/Projects/資本主義ゲーム/app_flutter/test/game_engine_test.dart: GameEngine.expectedLifespan 健康度100 → +15歳補正で 102歳                                               00:03 +45 -1: C:/Users/81903/Documents/Claude/Projects/資本主義ゲーム/app_flutter/test/game_engine_test.dart: GameEngine.expectedLifespan 健康度0 → -15歳補正で 72歳                                                  00:03 +46 -1: C:/Users/81903/Documents/Claude/Projects/資本主義ゲーム/app_flutter/test/game_engine_test.dart: GameEngine.expectedLifespan 健康度0 → -15歳補正で 72歳                                                  00:03 +46 -1: C:/Users/81903/Documents/Claude/Projects/資本主義ゲーム/app_flutter/test/game_engine_test.dart: GameEngine.expectedLifespan 人間性+50 → +5歳補正                                                      00:03 +47 -1: C:/Users/81903/Documents/Claude/Projects/資本主義ゲーム/app_flutter/test/game_engine_test.dart: GameEngine.expectedLifespan 人間性+50 → +5歳補正                                                      00:03 +47 -1: C:/Users/81903/Documents/Claude/Projects/資本主義ゲーム/app_flutter/test/game_engine_test.dart: GameEngine.expectedLifespan 近未来＋健康度100＋不老 → 上限130                                               00:03 +48 -1: C:/Users/81903/Documents/Claude/Projects/資本主義ゲーム/app_flutter/test/game_engine_test.dart: GameEngine.expectedLifespan 近未来＋健康度100＋不老 → 上限130                                               00:03 +48 -1: C:/Users/81903/Documents/Claude/Projects/資本主義ゲーム/app_flutter/test/game_engine_test.dart: GameEngine.expectedLifespan 期待寿命の上限は通常115、不老で130                                                00:03 +49 -1: C:/Users/81903/Documents/Claude/Projects/資本主義ゲーム/app_flutter/test/game_engine_test.dart: GameEngine.expectedLifespan 期待寿命の上限は通常115、不老で130                                                00:03 +49 -1: C:/Users/81903/Documents/Claude/Projects/資本主義ゲーム/app_flutter/test/game_engine_test.dart: GameEngine.advanceTurn 1ターン進めると age+1, yearIndex+1                                              00:03 +50 -1: C:/Users/81903/Documents/Claude/Projects/資本主義ゲーム/app_flutter/test/game_engine_test.dart: GameEngine.advanceTurn 1ターン進めると age+1, yearIndex+1                                              00:03 +50 -1: C:/Users/81903/Documents/Claude/Projects/資本主義ゲーム/app_flutter/test/game_engine_test.dart: GameEngine.advanceTurn 健康度0なら死亡判定が発火                                                            00:03 +50 -2: C:/Users/81903/Documents/Claude/Projects/資本主義ゲーム/app_flutter/test/game_engine_test.dart: GameEngine.advanceTurn 健康度0なら死亡判定が発火 [E]                                                        
  Expected: <true>
    Actual: <false>
  
  package:matcher                                     expect
  package:flutter_test/src/widget_tester.dart 473:18  expect
  test\game_engine_test.dart 108:7                    main.<fn>.<fn>
  

To run this test again: C:\flutter\bin\cache\dart-sdk\bin\dart.exe test C:/Users/81903/Documents/Claude/Projects/資本主義ゲーム/app_flutter/test/game_engine_test.dart -p vm --plain-name "GameEngine.advanceTurn 健康度0なら死亡判定が発火"
00:03 +50 -2: C:/Users/81903/Documents/Claude/Projects/資本主義ゲーム/app_flutter/test/game_engine_test.dart: GameEngine.advanceTurn 100歳超なら強制死亡（不老なし）                                                        00:03 +51 -2: C:/Users/81903/Documents/Claude/Projects/資本主義ゲーム/app_flutter/test/game_engine_test.dart: GameEngine.advanceTurn 100歳超なら強制死亡（不老なし）                                                        00:03 +51 -2: C:/Users/81903/Documents/Claude/Projects/資本主義ゲーム/app_flutter/test/game_engine_test.dart: GameEngine.advanceTurn アクション効果で能力が上がる                                                           00:03 +52 -2: C:/Users/81903/Documents/Claude/Projects/資本主義ゲーム/app_flutter/test/game_engine_test.dart: GameEngine.advanceTurn アクション効果で能力が上がる                                                           00:03 +52 -2: C:/Users/81903/Documents/Claude/Projects/資本主義ゲーム/app_flutter/test/game_engine_test.dart: GameEngine.adjustedLuck 人間性+50 で実効運+25（v1.3 係数 ÷2）                                              00:03 +53 -2: C:/Users/81903/Documents/Claude/Projects/資本主義ゲーム/app_flutter/test/game_engine_test.dart: GameEngine.adjustedLuck 人間性+50 で実効運+25（v1.3 係数 ÷2）                                              00:03 +53 -2: C:/Users/81903/Documents/Claude/Projects/資本主義ゲーム/app_flutter/test/game_engine_test.dart: GameEngine.adjustedLuck 人間性0 で補正なし                                                              00:03 +54 -2: C:/Users/81903/Documents/Claude/Projects/資本主義ゲーム/app_flutter/test/game_engine_test.dart: GameEngine.adjustedLuck 人間性0 で補正なし                                                              00:03 +54 -2: C:/Users/81903/Documents/Claude/Projects/資本主義ゲーム/app_flutter/test/game_engine_test.dart: GameEngine.adjustedLuck 人間性30 で実効運+15                                                           00:03 +55 -2: C:/Users/81903/Documents/Claude/Projects/資本主義ゲーム/app_flutter/test/game_engine_test.dart: GameEngine.adjustedLuck 人間性30 で実効運+15                                                           00:03 +55 -2: loading C:/Users/81903/Documents/Claude/Projects/資本主義ゲーム/app_flutter/test/integration/full_game_test.dart                                                                                00:03 +55 -2: C:/Users/81903/Documents/Claude/Projects/資本主義ゲーム/app_flutter/test/integration/full_game_test.dart: Full game flow キャラ生成 → 80年プレイ → 死亡判定が起きる                                              00:03 +56 -2: C:/Users/81903/Documents/Claude/Projects/資本主義ゲーム/app_flutter/test/integration/full_game_test.dart: Full game flow キャラ生成 → 80年プレイ → 死亡判定が起きる                                              00:03 +56 -2: C:/Users/81903/Documents/Claude/Projects/資本主義ゲーム/app_flutter/test/integration/full_game_test.dart: Full game flow 親ガチャ → 強み連動でステータス分布                                                    00:03 +57 -2: C:/Users/81903/Documents/Claude/Projects/資本主義ゲーム/app_flutter/test/integration/full_game_test.dart: Full game flow 親ガチャ → 強み連動でステータス分布                                                    00:03 +57 -2: C:/Users/81903/Documents/Claude/Projects/資本主義ゲーム/app_flutter/test/integration/full_game_test.dart: Full game flow 時代ごとの基本期待寿命がGDD準拠                                                      00:03 +58 -2: C:/Users/81903/Documents/Claude/Projects/資本主義ゲーム/app_flutter/test/integration/full_game_test.dart: Full game flow 時代ごとの基本期待寿命がGDD準拠                                                      00:03 +58 -2: loading C:/Users/81903/Documents/Claude/Projects/資本主義ゲーム/app_flutter/test/integration/save_persistence_test.dart                                                                         00:03 +58 -2: C:/Users/81903/Documents/Claude/Projects/資本主義ゲーム/app_flutter/test/integration/save_persistence_test.dart: (setUpAll)                                                                     00:03 +58 -2: C:/Users/81903/Documents/Claude/Projects/資本主義ゲーム/app_flutter/test/integration/save_persistence_test.dart: SaveRepository round trip セーブ → ロードで完全一致                                       00:04 +58 -2: C:/Users/81903/Documents/Claude/Projects/資本主義ゲーム/app_flutter/test/integration/save_persistence_test.dart: SaveRepository round trip セーブ → ロードで完全一致                                       00:04 +59 -2: C:/Users/81903/Documents/Claude/Projects/資本主義ゲーム/app_flutter/test/integration/save_persistence_test.dart: SaveRepository round trip セーブ → ロードで完全一致                                       00:04 +59 -2: C:/Users/81903/Documents/Claude/Projects/資本主義ゲーム/app_flutter/test/integration/save_persistence_test.dart: SaveRepository round trip export → import で完全復元                                00:04 +60 -2: C:/Users/81903/Documents/Claude/Projects/資本主義ゲーム/app_flutter/test/integration/save_persistence_test.dart: SaveRepository round trip export → import で完全復元                                00:04 +60 -2: C:/Users/81903/Documents/Claude/Projects/資本主義ゲーム/app_flutter/test/integration/save_persistence_test.dart: SaveRepository round trip 破損データはバックアップから復元される                                  00:04 +61 -2: C:/Users/81903/Documents/Claude/Projects/資本主義ゲーム/app_flutter/test/integration/save_persistence_test.dart: SaveRepository round trip 破損データはバックアップから復元される                                  00:04 +61 -2: C:/Users/81903/Documents/Claude/Projects/資本主義ゲーム/app_flutter/test/integration/save_persistence_test.dart: (tearDownAll)                                                                  00:04 +61 -2: loading C:/Users/81903/Documents/Claude/Projects/資本主義ゲーム/app_flutter/test/parent_roller_test.dart                                                                                        00:04 +61 -2: C:/Users/81903/Documents/Claude/Projects/資本主義ゲーム/app_flutter/test/parent_roller_test.dart: ParentRoller 1回引いて結果が返る                                                                       00:04 +62 -2: C:/Users/81903/Documents/Claude/Projects/資本主義ゲーム/app_flutter/test/parent_roller_test.dart: ParentRoller 1回引いて結果が返る                                                                       00:04 +62 -2: C:/Users/81903/Documents/Claude/Projects/資本主義ゲーム/app_flutter/test/parent_roller_test.dart: ParentRoller レアリティ分布：1000回で各階層が想定範囲                                                           00:04 +63 -2: C:/Users/81903/Documents/Claude/Projects/資本主義ゲーム/app_flutter/test/parent_roller_test.dart: ParentRoller レアリティ分布：1000回で各階層が想定範囲                                                           00:04 +63 -2: C:/Users/81903/Documents/Claude/Projects/資本主義ゲーム/app_flutter/test/parent_roller_test.dart: ParentRoller 時代別の初期資産係数：昭和は令和より少ない（同レア）                                                       00:04 +64 -2: C:/Users/81903/Documents/Claude/Projects/資本主義ゲーム/app_flutter/test/parent_roller_test.dart: ParentRoller 時代別の初期資産係数：昭和は令和より少ない（同レア）                                                       00:04 +64 -2: C:/Users/81903/Documents/Claude/Projects/資本主義ゲーム/app_flutter/test/parent_roller_test.dart: ParentRoller 特殊レアのいずれかは富裕層・極貧・養子・帰国子女                                                         00:04 +65 -2: C:/Users/81903/Documents/Claude/Projects/資本主義ゲーム/app_flutter/test/parent_roller_test.dart: ParentRoller 特殊レアのいずれかは富裕層・極貧・養子・帰国子女                                                         00:04 +65 -2: loading C:/Users/81903/Documents/Claude/Projects/資本主義ゲーム/app_flutter/test/save_repository_test.dart                                                                                      00:04 +65 -2: C:/Users/81903/Documents/Claude/Projects/資本主義ゲーム/app_flutter/test/save_repository_test.dart: SaveCodec plain export/import round-trip                                                    00:04 +66 -2: C:/Users/81903/Documents/Claude/Projects/資本主義ゲーム/app_flutter/test/save_repository_test.dart: SaveCodec plain export/import round-trip                                                    00:04 +66 -2: C:/Users/81903/Documents/Claude/Projects/資本主義ゲーム/app_flutter/test/save_repository_test.dart: SaveCodec encoded round-trip with checksum                                                  00:04 +67 -2: C:/Users/81903/Documents/Claude/Projects/資本主義ゲーム/app_flutter/test/save_repository_test.dart: SaveCodec encoded round-trip with checksum                                                  00:04 +67 -2: C:/Users/81903/Documents/Claude/Projects/資本主義ゲーム/app_flutter/test/save_repository_test.dart: SaveCodec decode returns null on tampered data                                              00:04 +68 -2: C:/Users/81903/Documents/Claude/Projects/資本主義ゲーム/app_flutter/test/save_repository_test.dart: SaveCodec decode returns null on tampered data                                              00:04 +68 -2: C:/Users/81903/Documents/Claude/Projects/資本主義ゲーム/app_flutter/test/save_repository_test.dart: SaveCodec schema migration is no-op for current version                                     00:04 +69 -2: C:/Users/81903/Documents/Claude/Projects/資本主義ゲーム/app_flutter/test/save_repository_test.dart: SaveCodec schema migration is no-op for current version                                     00:04 +69 -2: Some tests failed.                                                                                                                                                                       
 
=== END 2026/05/08 11:37:06.59 === 
